// Jest Snapshot v1, https://goo.gl/fbAQLP

exports[`The EnvironmentAgnosticResources stack matches the snapshot 1`] = `
{
  "Metadata": {
    "gu:cdk:constructs": [],
    "gu:cdk:version": "TEST",
  },
  "Outputs": {
    "mobilefastlycachepurgerrepositoryarn": {
      "Export": {
        "Name": "mobile-fastly-cache-purger-repository-arn",
      },
      "Value": {
        "Fn::GetAtt": [
          "mobilefastlycachepurgerrepo79A8A316",
          "Arn",
        ],
      },
    },
    "mobilefastlycachepurgerrepositoryname": {
      "Export": {
        "Name": "mobile-fastly-cache-purger-repository-name",
      },
      "Value": {
        "Fn::GetAtt": [
          "mobilefastlycachepurgerrepo79A8A316",
          "Arn",
        ],
      },
    },
  },
  "Resources": {
    "CIRole1307643F": {
      "Properties": {
        "AssumeRolePolicyDocument": {
          "Statement": [
            {
              "Action": "sts:AssumeRoleWithWebIdentity",
              "Condition": {
                "StringEquals": {
                  "token.actions.githubusercontent.com:aud": "sts.amazonaws.com",
                },
                "StringLike": {
                  "token.actions.githubusercontent.com:sub": "repo:guardian/mobile-fastly-cache-purger:*",
                },
              },
              "Effect": "Allow",
              "Principal": {
                "Federated": "arn:aws:iam::000000000033:oidc-provider/token.actions.githubusercontent.com",
              },
            },
          ],
          "Version": "2012-10-17",
        },
        "Policies": [
          {
            "PolicyDocument": {
              "Statement": [
                {
                  "Action": "ecr:GetAuthorizationToken",
                  "Effect": "Allow",
                  "Resource": "*",
                },
              ],
              "Version": "2012-10-17",
            },
            "PolicyName": "ecrToken",
          },
          {
            "PolicyDocument": {
              "Statement": [
                {
                  "Action": [
                    "ecr:CompleteLayerUpload",
                    "ecr:UploadLayerPart",
                    "ecr:InitiateLayerUpload",
                    "ecr:BatchCheckLayerAvailability",
                    "ecr:PutImage",
                  ],
                  "Effect": "Allow",
                  "Resource": {
                    "Fn::GetAtt": [
                      "mobilefastlycachepurgerrepo79A8A316",
                      "Arn",
                    ],
                  },
                },
              ],
              "Version": "2012-10-17",
            },
            "PolicyName": "ecrUpload",
          },
        ],
        "Tags": [
          {
            "Key": "gu:cdk:version",
            "Value": "TEST",
          },
          {
            "Key": "gu:repo",
            "Value": "guardian/mobile-fastly-cache-purger",
          },
          {
            "Key": "Stack",
            "Value": "mobile-fastly-cache-purger",
          },
          {
            "Key": "Stage",
            "Value": "TEST",
          },
        ],
      },
      "Type": "AWS::IAM::Role",
    },
    "mobilefastlycachepurgerrepo79A8A316": {
      "DeletionPolicy": "Retain",
      "Properties": {
        "ImageScanningConfiguration": {
          "ScanOnPush": true,
        },
        "ImageTagMutability": "IMMUTABLE",
        "RepositoryName": "mobile-fastly-cache-purger",
        "Tags": [
          {
            "Key": "gu:cdk:version",
            "Value": "TEST",
          },
          {
            "Key": "gu:repo",
            "Value": "guardian/mobile-fastly-cache-purger",
          },
          {
            "Key": "Stack",
            "Value": "mobile-fastly-cache-purger",
          },
          {
            "Key": "Stage",
            "Value": "TEST",
          },
        ],
      },
      "Type": "AWS::ECR::Repository",
      "UpdateReplacePolicy": "Retain",
    },
  },
}
`;
